spooling second frame
2 stat records:
abe 0
bob 0
2 stat records:
abe 45
bob 100
file abe.**********.***-*.sr, len 4
file abe.**********.***-*.sr, len 4
file bob.**********.***-*.sr, len 4
file abe.**********.***-*.sp, len 65
file abe.**********.***-*.sp, len 75
file bob.**********.***-*.sp, len 75
