file spool.**********.***-*.sr, len 4
file spool.**********.***-*.sp, len 65
spooling 20000 more frames
file spool.**********.***-*.sr, len 4
file spool.**********.***-*.sr, len 4
file spool.**********.***-*.sr, len 4
file spool.**********.***-*.sr, len 4
file spool.**********.***-*.sp, len 196316
file spool.**********.***-*.sp, len 314591
file spool.**********.***-*.sp, len 314591
file spool.**********.***-*.sp, len 314591
spooling 20000 more frames
file spool.**********.***-*.sr, len 4
file spool.**********.***-*.sr, len 4
file spool.**********.***-*.sr, len 4
file spool.**********.***-*.sr, len 4
file spool.**********.***-*.sr, len 4
file spool.**********.***-*.sr, len 4
file spool.**********.***-*.sr, len 4
file spool.**********.***-*.sr, len 4
file spool.**********.***-*.sp, len 77984
file spool.**********.***-*.sp, len 314591
file spool.**********.***-*.sp, len 314591
file spool.**********.***-*.sp, len 314591
file spool.**********.***-*.sp, len 314591
file spool.**********.***-*.sp, len 314591
file spool.**********.***-*.sp, len 314591
file spool.**********.***-*.sp, len 314591
spooling 20000 more frames
file spool.**********.***-*.sr, len 4
file spool.**********.***-**.sr, len 4
file spool.**********.***-*.sr, len 4
file spool.**********.***-*.sr, len 4
file spool.**********.***-*.sr, len 4
file spool.**********.***-*.sr, len 4
file spool.**********.***-*.sr, len 4
file spool.**********.***-*.sr, len 4
file spool.**********.***-*.sr, len 4
file spool.**********.***-*.sr, len 4
file spool.**********.***-**.sp, len 274235
file spool.**********.***-*.sp, len 314591
file spool.**********.***-*.sp, len 314591
file spool.**********.***-*.sp, len 314591
file spool.**********.***-*.sp, len 314591
file spool.**********.***-*.sp, len 314591
file spool.**********.***-*.sp, len 314591
file spool.**********.***-*.sp, len 314591
file spool.**********.***-*.sp, len 314591
file spool.**********.***-*.sp, len 314591
