spooling second frame
1 stat records:
abe 0
1 stat records:
abe 45
1 stat records:
bob 100
file abe.**********.***-*.sr, len 4
file abe.**********.***-*.sr, len 4
file bob.**********.***-*.sr, len 4
file abe.**********.***-*.sp, len 65
file abe.**********.***-*.sp, len 75
file bob.**********.***-*.sp, len 75
